###############################################################################
#                                                                             #
# IAR C/C++ Compiler V8.20.2.41139 for 8051             27/May/2014  19:13:44 #
# Copyright 2004-2013 IAR Systems AB.                                         #
#                                                                             #
#    Core               =  plain                                              #
#    Code model         =  banked                                             #
#    Data model         =  large                                              #
#    Calling convention =  xdata reentrant                                    #
#    Constant location  =  data_rom                                           #
#    Dptr setup         =  1,16                                               #
#                                                                             #
#    Source file        =  D:\Texas Instruments\Z-Stack Lighting              #
#                          1.0.2\Components\mt\MT.c                           #
#    Command line       =  -f "D:\Texas Instruments\Z-Stack Lighting          #
#                          1.0.2\Projects\zstack\ZLL\SampleApp\CC253x\..\..\. #
#                          .\Tools\CC2530DB\f8wRouter.cfg" (-DCPU32MHZ        #
#                          -DROOT=__near_func -DMAC_CFG_APP_PENDING_QUEUE=TRU #
#                          E -DMAC_CFG_TX_DATA_MAX=5 -DMAC_CFG_TX_MAX=8       #
#                          -DMAC_CFG_RX_MAX=5 -DRTR_NWK) -f "D:\Texas         #
#                          Instruments\Z-Stack Lighting                       #
#                          1.0.2\Projects\zstack\ZLL\SampleApp\CC253x\..\..\. #
#                          .\Tools\CC2530DB\f8wConfig.cfg" (-DZIGBEEPRO       #
#                          -DSECURE=1 -DZG_SECURE_DYNAMIC=0 -DREFLECTOR       #
#                          -DDEFAULT_CHANLIST=0x00000800                      #
#                          -DZDAPP_CONFIG_PAN_ID=0xFFFF                       #
#                          -DNWK_START_DELAY=100 -DEXTENDED_JOINING_RANDOM_MA #
#                          SK=0x007F -DBEACON_REQUEST_DELAY=100               #
#                          -DBEACON_REQ_DELAY_MASK=0x00FF                     #
#                          -DLINK_STATUS_JITTER_MASK=0x007F                   #
#                          -DROUTE_EXPIRY_TIME=30 -DAPSC_ACK_WAIT_DURATION_PO #
#                          LLED=3000 -DNWK_INDIRECT_MSG_TIMEOUT=7             #
#                          -DMAX_RREQ_ENTRIES=8 -DAPSC_MAX_FRAME_RETRIES=3    #
#                          -DNWK_MAX_DATA_RETRIES=2                           #
#                          -DMAX_POLL_FAILURE_RETRIES=2 -DMAX_BCAST=9         #
#                          -DAPS_MAX_GROUPS=16 -DMAX_RTG_ENTRIES=40           #
#                          -DNWK_MAX_BINDING_ENTRIES=4                        #
#                          -DMAX_BINDING_CLUSTER_IDS=4 "-DDEFAULT_KEY={0x01,  #
#                          0x03, 0x05, 0x07, 0x09, 0x0B, 0x0D, 0x0F, 0x00,    #
#                          0x02, 0x04, 0x06, 0x08, 0x0A, 0x0C, 0x0D}"         #
#                          -DMAC_MAX_FRAME_SIZE=116                           #
#                          -DZDNWKMGR_MIN_TRANSMISSIONS=20 "-DCONST=const     #
#                          __code" -DGENERIC=__generic                        #
#                          -DRFD_RCVC_ALWAYS_ON=FALSE -DPOLL_RATE=1000        #
#                          -DQUEUED_POLL_RATE=100 -DRESPONSE_POLL_RATE=100    #
#                          -DREJOIN_POLL_RATE=440) -f "D:\Texas               #
#                          Instruments\Z-Stack Lighting                       #
#                          1.0.2\Projects\zstack\ZLL\SampleApp\CC253x\..\..\. #
#                          .\Tools\CC2530DB\f8wZCL.cfg" "D:\Texas             #
#                          Instruments\Z-Stack Lighting                       #
#                          1.0.2\Components\mt\MT.c" -D FEATURE_GREEN_POWER   #
#                          -D SECURE=1 -D TC_LINKKEY_JOIN -D                  #
#                          ZDSECMGR_TC_DEVICE_MAX=2 -D NV_RESTORE -D          #
#                          HOLD_AUTO_START -D INTER_PAN -D                    #
#                          LCD_SUPPORTED=DEBUG -D ZCL_BASIC -D ZCL_READ -D    #
#                          ZCL_WRITE -D ZCL_IDENTIFY -D ZCL_ON_OFF -D         #
#                          ZCL_SCENES -D ZCL_GROUPS -D                        #
#                          ZCL_LIGHT_LINK_ENHANCE -D ZCL_LEVEL_CTRL -D        #
#                          ZCL_COLOR_CTRL -D MAX_CHANNELS_24GHZ=0x02108800    #
#                          -D xPWM_ALT2 -D xTHERMAL_SHUTDOWN -D               #
#                          ZLL_1_0_HUB_COMPATIBILITY -D DALI_LIGHT -lC        #
#                          "D:\Texas Instruments\Z-Stack Lighting             #
#                          1.0.2\Projects\zstack\ZLL\SampleApp\CC253x\Zlight  #
#                          - Router\List\" -lA "D:\Texas Instruments\Z-Stack  #
#                          Lighting 1.0.2\Projects\zstack\ZLL\SampleApp\CC253 #
#                          x\Zlight - Router\List\" --diag_suppress           #
#                          Pe001,Pa010 -o "D:\Texas Instruments\Z-Stack       #
#                          Lighting 1.0.2\Projects\zstack\ZLL\SampleApp\CC253 #
#                          x\Zlight - Router\Obj\" -e --debug --core=plain    #
#                          --dptr=16,1 --data_model=large                     #
#                          --code_model=banked --calling_convention=xdata_ree #
#                          ntrant --place_constants=data_rom                  #
#                          --nr_virtual_regs 16 -I "D:\Texas                  #
#                          Instruments\Z-Stack Lighting                       #
#                          1.0.2\Projects\zstack\ZLL\SampleApp\CC253x\" -I    #
#                          "D:\Texas Instruments\Z-Stack Lighting             #
#                          1.0.2\Projects\zstack\ZLL\SampleApp\CC253x\..\Sour #
#                          ce\" -I "D:\Texas Instruments\Z-Stack Lighting     #
#                          1.0.2\Projects\zstack\ZLL\SampleApp\CC253x\..\..\S #
#                          ource\" -I "D:\Texas Instruments\Z-Stack Lighting  #
#                          1.0.2\Projects\zstack\ZLL\SampleApp\CC253x\..\..\. #
#                          .\HomeAutomation\Source\" -I "D:\Texas             #
#                          Instruments\Z-Stack Lighting                       #
#                          1.0.2\Projects\zstack\ZLL\SampleApp\CC253x\..\..\. #
#                          .\HomeAutomation\SampleLight\Source\" -I           #
#                          "D:\Texas Instruments\Z-Stack Lighting             #
#                          1.0.2\Projects\zstack\ZLL\SampleApp\CC253x\..\..\. #
#                          .\ZMain\TI2530DB\" -I "D:\Texas                    #
#                          Instruments\Z-Stack Lighting                       #
#                          1.0.2\Projects\zstack\ZLL\SampleApp\CC253x\..\..\. #
#                          .\..\..\Components\hal\include\" -I "D:\Texas      #
#                          Instruments\Z-Stack Lighting                       #
#                          1.0.2\Projects\zstack\ZLL\SampleApp\CC253x\..\..\. #
#                          .\..\..\Components\hal\target\CC2530PMP4712\" -I   #
#                          "D:\Texas Instruments\Z-Stack Lighting             #
#                          1.0.2\Projects\zstack\ZLL\SampleApp\CC253x\..\..\. #
#                          .\..\..\Components\mac\include\" -I "D:\Texas      #
#                          Instruments\Z-Stack Lighting                       #
#                          1.0.2\Projects\zstack\ZLL\SampleApp\CC253x\..\..\. #
#                          .\..\..\Components\mac\high_level\" -I "D:\Texas   #
#                          Instruments\Z-Stack Lighting                       #
#                          1.0.2\Projects\zstack\ZLL\SampleApp\CC253x\..\..\. #
#                          .\..\..\Components\mac\low_level\srf04\" -I        #
#                          "D:\Texas Instruments\Z-Stack Lighting             #
#                          1.0.2\Projects\zstack\ZLL\SampleApp\CC253x\..\..\. #
#                          .\..\..\Components\mac\low_level\srf04\single_chip #
#                          \" -I "D:\Texas Instruments\Z-Stack Lighting       #
#                          1.0.2\Projects\zstack\ZLL\SampleApp\CC253x\..\..\. #
#                          .\..\..\Components\mt\" -I "D:\Texas               #
#                          Instruments\Z-Stack Lighting                       #
#                          1.0.2\Projects\zstack\ZLL\SampleApp\CC253x\..\..\. #
#                          .\..\..\Components\osal\include\" -I "D:\Texas     #
#                          Instruments\Z-Stack Lighting                       #
#                          1.0.2\Projects\zstack\ZLL\SampleApp\CC253x\..\..\. #
#                          .\..\..\Components\services\saddr\" -I "D:\Texas   #
#                          Instruments\Z-Stack Lighting                       #
#                          1.0.2\Projects\zstack\ZLL\SampleApp\CC253x\..\..\. #
#                          .\..\..\Components\services\sdata\" -I "D:\Texas   #
#                          Instruments\Z-Stack Lighting                       #
#                          1.0.2\Projects\zstack\ZLL\SampleApp\CC253x\..\..\. #
#                          .\..\..\Components\stack\af\" -I "D:\Texas         #
#                          Instruments\Z-Stack Lighting                       #
#                          1.0.2\Projects\zstack\ZLL\SampleApp\CC253x\..\..\. #
#                          .\..\..\Components\stack\nwk\" -I "D:\Texas        #
#                          Instruments\Z-Stack Lighting                       #
#                          1.0.2\Projects\zstack\ZLL\SampleApp\CC253x\..\..\. #
#                          .\..\..\Components\stack\sapi\" -I "D:\Texas       #
#                          Instruments\Z-Stack Lighting                       #
#                          1.0.2\Projects\zstack\ZLL\SampleApp\CC253x\..\..\. #
#                          .\..\..\Components\stack\sec\" -I "D:\Texas        #
#                          Instruments\Z-Stack Lighting                       #
#                          1.0.2\Projects\zstack\ZLL\SampleApp\CC253x\..\..\. #
#                          .\..\..\Components\stack\sys\" -I "D:\Texas        #
#                          Instruments\Z-Stack Lighting                       #
#                          1.0.2\Projects\zstack\ZLL\SampleApp\CC253x\..\..\. #
#                          .\..\..\Components\stack\zcl\" -I "D:\Texas        #
#                          Instruments\Z-Stack Lighting                       #
#                          1.0.2\Projects\zstack\ZLL\SampleApp\CC253x\..\..\. #
#                          .\..\..\Components\stack\zdo\" -I "D:\Texas        #
#                          Instruments\Z-Stack Lighting                       #
#                          1.0.2\Projects\zstack\ZLL\SampleApp\CC253x\..\..\. #
#                          .\..\..\Components\zmac\" -I "D:\Texas             #
#                          Instruments\Z-Stack Lighting                       #
#                          1.0.2\Projects\zstack\ZLL\SampleApp\CC253x\..\..\. #
#                          .\..\..\Components\zmac\f8w\" -Ohz                 #
#                          --require_prototypes                               #
#    List file          =  D:\Texas Instruments\Z-Stack Lighting              #
#                          1.0.2\Projects\zstack\ZLL\SampleApp\CC253x\Zlight  #
#                          - Router\List\MT.lst                               #
#    Object file        =  D:\Texas Instruments\Z-Stack Lighting              #
#                          1.0.2\Projects\zstack\ZLL\SampleApp\CC253x\Zlight  #
#                          - Router\Obj\MT.r51                                #
#                                                                             #
#                                                                             #
###############################################################################

D:\Texas Instruments\Z-Stack Lighting 1.0.2\Components\mt\MT.c
      1          /***************************************************************************************************
      2            Filename:       MT.c
      3            Revised:        $Date: 2013-06-11 11:14:41 -0700 (Tue, 11 Jun 2013) $
      4            Revision:       $Revision: 34520 $
      5          
      6            Description:    MonitorTest Event Loop functions.
      7                            Everything in the MonitorTest Task (except the serial driver).
      8          
      9          
     10            Copyright 2007-2011 Texas Instruments Incorporated. All rights reserved.
     11          
     12            IMPORTANT: Your use of this Software is limited to those specific rights
     13            granted under the terms of a software license agreement between the user
     14            who downloaded the software, his/her employer (which must be your employer)
     15            and Texas Instruments Incorporated (the "License").  You may not use this
     16            Software unless you agree to abide by the terms of the License. The License
     17            limits your use, and you acknowledge, that the Software may not be modified,
     18            copied or distributed unless embedded on a Texas Instruments microcontroller
     19            or used solely and exclusively in conjunction with a Texas Instruments radio
     20            frequency transceiver, which is integrated into your product.  Other than for
     21            the foregoing purpose, you may not use, reproduce, copy, prepare derivative
     22            works of, modify, distribute, perform, display or sell this Software and/or
     23            its documentation for any purpose.
     24          
     25            YOU FURTHER ACKNOWLEDGE AND AGREE THAT THE SOFTWARE AND DOCUMENTATION ARE
     26            PROVIDED “AS IS” WITHOUT WARRANTY OF ANY KIND, EITHER EXPRESS OR IMPLIED,
     27            INCLUDING WITHOUT LIMITATION, ANY WARRANTY OF MERCHANTABILITY, TITLE,
     28            NON-INFRINGEMENT AND FITNESS FOR A PARTICULAR PURPOSE. IN NO EVENT SHALL
     29            TEXAS INSTRUMENTS OR ITS LICENSORS BE LIABLE OR OBLIGATED UNDER CONTRACT,
     30            NEGLIGENCE, STRICT LIABILITY, CONTRIBUTION, BREACH OF WARRANTY, OR OTHER
     31            LEGAL EQUITABLE THEORY ANY DIRECT OR INDIRECT DAMAGES OR EXPENSES
     32            INCLUDING BUT NOT LIMITED TO ANY INCIDENTAL, SPECIAL, INDIRECT, PUNITIVE
     33            OR CONSEQUENTIAL DAMAGES, LOST PROFITS OR LOST DATA, COST OF PROCUREMENT
     34            OF SUBSTITUTE GOODS, TECHNOLOGY, SERVICES, OR ANY CLAIMS BY THIRD PARTIES
     35            (INCLUDING BUT NOT LIMITED TO ANY DEFENSE THEREOF), OR OTHER SIMILAR COSTS.
     36          
     37            Should you have any questions regarding your right to use this Software,
     38            contact Texas Instruments Incorporated at www.TI.com.
     39          
     40           **************************************************************************************************/
     41          
     42          /**************************************************************************************************
     43           * INCLUDES
     44           **************************************************************************************************/
     45          
     46          #include "ZComDef.h"
     47          #include "MT.h"
     48          #include "MT_APP.h"
     49          #include "MT_DEBUG.h"
     50          #include "MT_UTIL.h"
     51          #include "MT_SYS.h"
     52          
     53          #include "OnBoard.h"
     54          #include "OSAL.h"
     55          #include "OSAL_Memory.h"
     56          #include "OSAL_Nv.h"
     57          
     58          #include "DebugTrace.h"
     59          #include "ZMAC.h"
     60          
     61          #if !defined ( NONWK )
     62            #include "NLMEDE.h"
     63            #include "nwk_bufs.h"
     64            #include "ZDObject.h"
     65            #include "ssp.h"
     66            #include "nwk_util.h"
     67            #include "AF.h"
     68            #include "MT_SAPI.h"
     69          #endif
     70          
     71          #if defined( MT_MAC_FUNC ) || defined( MT_MAC_CB_FUNC )
     72            #include "MT_MAC.h"
     73          #endif
     74          #if defined( MT_NWK_FUNC ) || defined( MT_NWK_CB_FUNC )
     75            #include "MT_NWK.h"
     76            #include "nwk.h"
     77            #include "nwk_bufs.h"
     78          #endif
     79          #if defined( MT_AF_FUNC ) || defined( MT_AF_CB_FUNC )
     80            #include "MT_AF.h"
     81          #endif
     82          #if defined( MT_USER_TEST_FUNC )
     83            #include "AF.h"
     84          #endif
     85          #if defined( MT_ZDO_FUNC )
     86            #include "MT_ZDO.h"
     87          #endif
     88          #if defined (MT_SAPI_FUNC)
     89          	#include "MT_SAPI.h"
     90          #endif
     91          #if defined (MT_OTA_FUNC)
     92            #include "MT_OTA.h"
     93          #endif
     94          
     95          #if defined( APP_TP )
     96           #include "TestProfile.h"
     97          #endif
     98          #if defined( APP_TP2 )
     99           #include "TestProfile2.h"
    100          #endif
    101          
    102          #if defined(APP_TGEN)
    103            #include "TrafficGenApp.h"
    104          #endif
    105          #if defined(APP_DEBUG)
    106          	#include "DebugApp.h"
    107          #endif
    108          #if defined (NWK_TEST)
    109          	#include "HWTTApp.h"
    110          #endif
    111          #if defined (MT_UBL_FUNC)
    112            extern uint8 MT_UblCommandProcessing(uint8 *pBuf);
    113          #endif
    114          #if defined (MT_ZNP_FUNC)
    115            #include "MT_ZNP.h"
    116          #endif
    117          #if defined (MT_MAC_PROTOBUF_FUNC)
    118            #include "mtmacpb.h"
    119          #endif
    120          
    121          #include "hal_uart.h"
    122          #include "hal_led.h"
    123          #include "hal_key.h"
    124          #include "MT_UART.h"
    125          
    126          /**************************************************************************************************
    127           * CONSTANTS
    128           **************************************************************************************************/
    129          

   \                                 In  segment XDATA_Z, align 1, keep-with-next
    130          mtProcessMsg_t mtProcessIncoming[] =
   \                     mtProcessIncoming:
   \   000000                DS 36
   \   000024                REQUIRE __INIT_XDATA_Z
    131          {
    132            NULL,                               // MT_RPC_SYS_RES0
    133          
    134          #if defined (MT_SYS_FUNC)
    135            MT_SysCommandProcessing,            // MT_RPC_SYS_SYS
    136          #else
    137            NULL,
    138          #endif
    139          
    140          #if defined (MT_MAC_FUNC)
    141            MT_MacCommandProcessing,            // MT_RPC_SYS_MAC
    142          #else
    143            NULL,
    144          #endif
    145          
    146          #if defined (MT_NWK_FUNC)
    147            MT_NwkCommandProcessing,            // MT_RPC_SYS_NWK
    148          #else
    149            NULL,
    150          #endif
    151          
    152          #if defined (MT_AF_FUNC)
    153            MT_AfCommandProcessing,             // MT_RPC_SYS_AF
    154          #else
    155            NULL,
    156          #endif
    157          
    158          #if defined (MT_ZDO_FUNC)
    159            MT_ZdoCommandProcessing,            // MT_RPC_SYS_ZDO
    160          #else
    161            NULL,
    162          #endif
    163          
    164          #if defined (MT_SAPI_FUNC)
    165            MT_SapiCommandProcessing,           // MT_RPC_SYS_SAPI
    166          #else
    167            NULL,
    168          #endif
    169          
    170          #if defined (MT_UTIL_FUNC)
    171            MT_UtilCommandProcessing,           // MT_RPC_SYS_UTIL
    172          #else
    173            NULL,
    174          #endif
    175          
    176          #if defined (MT_DEBUG_FUNC)
    177            MT_DebugCommandProcessing,          // MT_RPC_SYS_DBG
    178          #else
    179            NULL,
    180          #endif
    181          
    182          #if defined (MT_APP_FUNC)
    183            MT_AppCommandProcessing,            // MT_RPC_SYS_APP
    184          #else
    185            NULL,
    186          #endif
    187          
    188          #if defined (MT_OTA_FUNC)
    189            MT_OtaCommandProcessing,            // MT_RPC_SYS_OTA
    190          #else
    191            NULL,
    192          #endif
    193          
    194          #if defined (MT_ZNP_FUNC)
    195            MT_ZnpCommandProcessing,
    196          #else
    197            NULL,
    198          #endif
    199          
    200            NULL,  // Spare sub-system 12.
    201          
    202          #if defined (MT_UBL_FUNC)
    203            MT_UblCommandProcessing,
    204          #else
    205            NULL,
    206          #endif
    207          
    208            NULL,                               // MT_RPC_SYS_RESERVED14
    209            NULL,                               // MT_RPC_SYS_RESERVED15
    210            NULL,                               // MT_RPC_SYS_RESERVED16
    211          
    212          #if defined (MT_MAC_PROTOBUF_FUNC)
    213            MT_MacPBCmdProc,                    // MT_RPC_SYS_PROTOBUF
    214          #else
    215            NULL,
    216          #endif
    217          };
    218          
    219          /**************************************************************************************************
    220           * GLOBAL VARIABLES
    221           **************************************************************************************************/
    222          

   \                                 In  segment XDATA_Z, align 1, keep-with-next
    223          byte debugThreshold;
   \                     debugThreshold:
   \   000000                DS 1
   \   000001                REQUIRE __INIT_XDATA_Z

   \                                 In  segment XDATA_Z, align 1, keep-with-next
    224          byte debugCompId;
   \                     debugCompId:
   \   000000                DS 1
   \   000001                REQUIRE __INIT_XDATA_Z
    225          
    226          /**************************************************************************************************
    227           * LOCAL FUNCTIONS
    228           **************************************************************************************************/
    229          
    230          void MT_MsgQueueInit( void );
    231          void MT_ResetMsgQueue( void );
    232          byte MT_QueueMsg( byte *msg , byte len );
    233          void MT_ProcessQueue( void );
    234          
    235          #if defined ( MT_USER_TEST_FUNC )
    236          void MT_ProcessAppUserCmd( byte *pData );
    237          #endif
    238          
    239          /**************************************************************************************************
    240           * @fn         MT_Init
    241           *
    242           * @brief      This function is the secondary initialization that resolves conflicts during
    243           *             osalInitTasks(). For example, since MT is the highest priority task, and
    244           *             specifically because the MT task is initialized before the ZDApp task, if MT_Init()
    245           *             registers anything with ZDO_RegisterForZdoCB(), it is wiped out when ZDApp task
    246           *             initialization invokes ZDApp_InitZdoCBFunc().
    247           *             There may be other existing or future such races, so try to do all possible
    248           *             MT initialization here vice in MT_TaskInit().
    249           *
    250           * input parameters
    251           *
    252           * None.
    253           *
    254           * output parameters
    255           *
    256           * None.
    257           *
    258           * @return      None.
    259           **************************************************************************************************
    260           */

   \                                 In  segment BANKED_CODE, align 1, keep-with-next
    261          void MT_Init(uint8 taskID)
   \                     MT_Init:
    262          {
   \   000000   74F7         MOV     A,#-0x9
   \   000002   12....       LCALL   ?BANKED_ENTER_XDATA
   \   000005                ; Saved register size: 9
   \   000005                ; Auto size: 0
   \   000005   E9           MOV     A,R1
    263            MT_TaskID = taskID;
   \   000006   90....       MOV     DPTR,#MT_TaskID
   \   000009   F0           MOVX    @DPTR,A
    264            debugThreshold = 0;
   \   00000A   90....       MOV     DPTR,#debugThreshold
   \   00000D   E4           CLR     A
   \   00000E   F0           MOVX    @DPTR,A
    265            debugCompId = 0;
   \   00000F   90....       MOV     DPTR,#debugCompId
   \   000012   F0           MOVX    @DPTR,A
    266          
    267          #if defined (MT_ZDO_FUNC)
    268            MT_ZdoInit();
    269          #endif
    270            MT_SysResetInd();
   \   000013                ; Setup parameters for call to function MT_SysResetInd
   \   000013   12....       LCALL   ??MT_SysResetInd?relay
    271          }
   \   000016                REQUIRE ?Subroutine0
   \   000016                ; // Fall through to label ?Subroutine0

   \                                 In  segment BANKED_CODE, align 1, keep-with-next
   \                     ?Subroutine0:
   \   000000   7F01         MOV     R7,#0x1
   \   000002   02....       LJMP    ?BANKED_LEAVE_XDATA
    272          
    273          /***************************************************************************************************
    274           * @fn      MT_BuildAndSendZToolResponse
    275           *
    276           * @brief   Build and send a ZTOOL msg
    277           * @param   uint8 cmdType - include type and subsystem
    278           *          uint8 cmdId - command ID
    279           *          byte dataLen
    280           *          byte *pData
    281           *
    282           * @return  void
    283           ***************************************************************************************************/

   \                                 In  segment BANKED_CODE, align 1, keep-with-next
    284          void MT_BuildAndSendZToolResponse(uint8 cmdType, uint8 cmdId, uint8 dataLen, uint8 *pData)
   \                     MT_BuildAndSendZToolResponse:
    285          {
   \   000000   74F0         MOV     A,#-0x10
   \   000002   12....       LCALL   ?BANKED_ENTER_XDATA
   \   000005                ; Saved register size: 16
   \   000005                ; Auto size: 0
   \   000005   89..         MOV     ?V0 + 2,R1
   \   000007   8A..         MOV     ?V0 + 3,R2
   \   000009   8B..         MOV     ?V0 + 7,R3
   \   00000B   EC           MOV     A,R4
   \   00000C   FE           MOV     R6,A
   \   00000D   ED           MOV     A,R5
   \   00000E   FF           MOV     R7,A
    286            uint8 *msg_ptr;
    287          
    288            if ((msg_ptr = MT_TransportAlloc((mtRpcCmdType_t)(cmdType & 0xE0), dataLen)) != NULL)
   \   00000F                ; Setup parameters for call to function MT_TransportAlloc
   \   00000F   AA..         MOV     R2,?V0 + 7
   \   000011   74E0         MOV     A,#-0x20
   \   000013   55..         ANL     A,?V0 + 2
   \   000015   F9           MOV     R1,A
   \   000016   12....       LCALL   ??MT_TransportAlloc?relay
   \   000019   8A..         MOV     ?V0 + 0,R2
   \   00001B   8B..         MOV     ?V0 + 1,R3
   \   00001D   EA           MOV     A,R2
   \   00001E   45..         ORL     A,?V0 + 1
   \   000020   603E         JZ      ??MT_BuildAndSendZToolResponse_0
    289            {
    290              msg_ptr[MT_RPC_POS_LEN] = dataLen;
   \   000022   8A82         MOV     DPL,R2
   \   000024   8B83         MOV     DPH,R3
   \   000026   E5..         MOV     A,?V0 + 7
   \   000028   F0           MOVX    @DPTR,A
    291              msg_ptr[MT_RPC_POS_CMD0] = cmdType;
   \   000029   A3           INC     DPTR
   \   00002A   E5..         MOV     A,?V0 + 2
   \   00002C   F0           MOVX    @DPTR,A
    292              msg_ptr[MT_RPC_POS_CMD1] = cmdId;
   \   00002D   8A82         MOV     DPL,R2
   \   00002F   8B83         MOV     DPH,R3
   \   000031   A3           INC     DPTR
   \   000032   A3           INC     DPTR
   \   000033   E5..         MOV     A,?V0 + 3
   \   000035   F0           MOVX    @DPTR,A
    293              (void)osal_memcpy(msg_ptr+MT_RPC_POS_DAT0, pData, dataLen);
   \   000036                ; Setup parameters for call to function osal_memcpy
   \   000036   8E..         MOV     ?V0 + 4,R6
   \   000038   8F..         MOV     ?V0 + 5,R7
   \   00003A   75..00       MOV     ?V0 + 6,#0x0
   \   00003D   78..         MOV     R0,#?V0 + 4
   \   00003F   12....       LCALL   ?PUSH_XSTACK_I_THREE
   \   000042   85....       MOV     ?V0 + 4,?V0 + 7
   \   000045   AC..         MOV     R4,?V0 + 4
   \   000047   7D00         MOV     R5,#0x0
   \   000049   EA           MOV     A,R2
   \   00004A   2403         ADD     A,#0x3
   \   00004C   FA           MOV     R2,A
   \   00004D   EB           MOV     A,R3
   \   00004E   3400         ADDC    A,#0x0
   \   000050   FB           MOV     R3,A
   \   000051   12....       LCALL   ??osal_memcpy?relay
   \   000054   7403         MOV     A,#0x3
   \   000056   12....       LCALL   ?DEALLOC_XSTACK8
    294          
    295              MT_TransportSend(msg_ptr);
   \   000059                ; Setup parameters for call to function MT_TransportSend
   \   000059   AA..         MOV     R2,?V0 + 0
   \   00005B   AB..         MOV     R3,?V0 + 1
   \   00005D   12....       LCALL   ??MT_TransportSend?relay
    296            }
    297          }
   \                     ??MT_BuildAndSendZToolResponse_0:
   \   000060   7F08         MOV     R7,#0x8
   \   000062   02....       LJMP    ?BANKED_LEAVE_XDATA
    298          
    299          /***************************************************************************************************
    300           * @fn      MT_ProcessIncoming
    301           *
    302           * @brief  Process Incoming Message.
    303           *
    304           * @param   byte *pBuf - pointer to event message
    305           *
    306           * @return  void
    307           ***************************************************************************************************/

   \                                 In  segment BANKED_CODE, align 1, keep-with-next
    308          void MT_ProcessIncoming(uint8 *pBuf)
   \                     MT_ProcessIncoming:
    309          {
   \   000000   74F6         MOV     A,#-0xa
   \   000002   12....       LCALL   ?BANKED_ENTER_XDATA
   \   000005                ; Saved register size: 10
   \   000005                ; Auto size: 3
   \   000005   74FD         MOV     A,#-0x3
   \   000007   12....       LCALL   ?ALLOC_XSTACK8
    310            mtProcessMsg_t func;
    311            uint8 rsp[MT_RPC_FRAME_HDR_SZ];
    312          
    313            /* pre-build response message:  | status | cmd0 | cmd1 | */
    314            rsp[1] = pBuf[MT_RPC_POS_CMD0];
   \   00000A   8A82         MOV     DPL,R2
   \   00000C   8B83         MOV     DPH,R3
   \   00000E   A3           INC     DPTR
   \   00000F   E0           MOVX    A,@DPTR
   \   000010   F5..         MOV     ?V0 + 0,A
   \   000012   7401         MOV     A,#0x1
   \   000014   12....       LCALL   ?XSTACK_DISP0_8
   \   000017   E5..         MOV     A,?V0 + 0
   \   000019   F0           MOVX    @DPTR,A
    315            rsp[2] = pBuf[MT_RPC_POS_CMD1];
   \   00001A   8A82         MOV     DPL,R2
   \   00001C   8B83         MOV     DPH,R3
   \   00001E   A3           INC     DPTR
   \   00001F   A3           INC     DPTR
   \   000020   E0           MOVX    A,@DPTR
   \   000021   C0E0         PUSH    A
   \   000023   7402         MOV     A,#0x2
   \   000025   12....       LCALL   ?XSTACK_DISP0_8
   \   000028   D0E0         POP     A
   \   00002A   F0           MOVX    @DPTR,A
    316          
    317            /* check length */
    318            if (pBuf[MT_RPC_POS_LEN] > MT_RPC_DATA_MAX)
   \   00002B   8A82         MOV     DPL,R2
   \   00002D   8B83         MOV     DPH,R3
   \   00002F   E0           MOVX    A,@DPTR
   \   000030   C3           CLR     C
   \   000031   94FB         SUBB    A,#-0x5
   \   000033   400A         JC      ??MT_ProcessIncoming_0
    319            {
    320              rsp[0] = MT_RPC_ERR_LENGTH;
   \   000035   85..82       MOV     DPL,?XSP + 0
   \   000038   85..83       MOV     DPH,?XSP + 1
   \   00003B   7404         MOV     A,#0x4
   \   00003D   803F         SJMP    ??MT_ProcessIncoming_1
    321            }
    322            /* check subsystem range */
    323            else if ((rsp[1] & MT_RPC_SUBSYSTEM_MASK) < MT_RPC_SYS_MAX)
   \                     ??MT_ProcessIncoming_0:
   \   00003F   741F         MOV     A,#0x1f
   \   000041   55..         ANL     A,?V0 + 0
   \   000043   C3           CLR     C
   \   000044   9412         SUBB    A,#0x12
   \   000046   502E         JNC     ??MT_ProcessIncoming_2
    324            {
    325              /* look up processing function */
    326              func = mtProcessIncoming[rsp[1] & MT_RPC_SUBSYSTEM_MASK];
   \   000048   E5..         MOV     A,?V0 + 0
   \   00004A   541F         ANL     A,#0x1f
   \   00004C   C3           CLR     C
   \   00004D   33           RLC     A
   \   00004E   F8           MOV     R0,A
   \   00004F   74..         MOV     A,#mtProcessIncoming & 0xff
   \   000051   28           ADD     A,R0
   \   000052   F582         MOV     DPL,A
   \   000054   74..         MOV     A,#(mtProcessIncoming >> 8) & 0xff
   \   000056   12....       LCALL   ??Subroutine16_0 & 0xFFFF
   \                     ??CrossCallReturnLabel_33:
   \   000059   F8           MOV     R0,A
   \   00005A   A3           INC     DPTR
   \   00005B   E0           MOVX    A,@DPTR
   \   00005C   F9           MOV     R1,A
   \   00005D   8882         MOV     DPL,R0
   \   00005F   8983         MOV     DPH,R1
    327              if (func)
   \   000061   E582         MOV     A,DPL
   \   000063   4583         ORL     A,DPH
   \   000065   600F         JZ      ??MT_ProcessIncoming_2
    328              {
    329                /* execute processing function */
    330                rsp[0] = (*func)(pBuf);
   \   000067                ; Setup parameters for indirect call
   \   000067   12....       LCALL   ?CALL_IND
   \   00006A   E9           MOV     A,R1
   \   00006B   85..82       MOV     DPL,?XSP + 0
   \   00006E   85..83       MOV     DPH,?XSP + 1
   \   000071   F0           MOVX    @DPTR,A
    331              }
    332              else
    333              {
    334                rsp[0] = MT_RPC_ERR_SUBSYSTEM;
    335              }
    336            }
    337            else
    338            {
    339              rsp[0] = MT_RPC_ERR_SUBSYSTEM;
    340            }
    341          
    342            /* if error and this was an SREQ, send error message */
    343            if ((rsp[0] != MT_RPC_SUCCESS) && ((rsp[1] & MT_RPC_CMD_TYPE_MASK) == MT_RPC_CMD_SREQ))
   \   000072   700B         JNZ     ??MT_ProcessIncoming_3
   \   000074   8028         SJMP    ??MT_ProcessIncoming_4
   \                     ??MT_ProcessIncoming_2:
   \   000076   85..82       MOV     DPL,?XSP + 0
   \   000079   85..83       MOV     DPH,?XSP + 1
   \   00007C   7401         MOV     A,#0x1
   \                     ??MT_ProcessIncoming_1:
   \   00007E   F0           MOVX    @DPTR,A
   \                     ??MT_ProcessIncoming_3:
   \   00007F   7401         MOV     A,#0x1
   \   000081   12....       LCALL   ?XSTACK_DISP0_8
   \   000084   E0           MOVX    A,@DPTR
   \   000085   54E0         ANL     A,#0xe0
   \   000087   6420         XRL     A,#0x20
   \   000089   7013         JNZ     ??MT_ProcessIncoming_4
    344            {
    345              MT_BuildAndSendZToolResponse(((uint8)MT_RPC_CMD_SRSP | (uint8)MT_RPC_SYS_RES0), 0,
    346                                                                            MT_RPC_FRAME_HDR_SZ, rsp);
   \   00008B                ; Setup parameters for call to function MT_BuildAndSendZToolResponse
   \   00008B   85..82       MOV     DPL,?XSP + 0
   \   00008E   85..83       MOV     DPH,?XSP + 1
   \   000091   AC82         MOV     R4,DPL
   \   000093   AD83         MOV     R5,DPH
   \   000095   7B03         MOV     R3,#0x3
   \   000097   7A00         MOV     R2,#0x0
   \   000099   7960         MOV     R1,#0x60
   \   00009B   12....       LCALL   ??MT_BuildAndSendZToolResponse?relay
    347            }
    348          }
   \                     ??MT_ProcessIncoming_4:
   \   00009E   7403         MOV     A,#0x3
   \   0000A0   12....       LCALL   ?DEALLOC_XSTACK8
   \   0000A3   7F02         MOV     R7,#0x2
   \   0000A5   02....       LJMP    ?BANKED_LEAVE_XDATA

   \                                 In  segment BANKED_CODE, align 1, keep-with-next
   \                     ??Subroutine16_0:
   \   000000   3400         ADDC    A,#0x0
   \   000002   F583         MOV     DPH,A
   \   000004   E0           MOVX    A,@DPTR
   \   000005   22           RET
    349          
    350          /***************************************************************************************************
    351           * @fn      MTProcessAppRspMsg
    352           *
    353           * @brief   Process the User App Response Message
    354           *
    355           * @param   data - output serial buffer.  The first byte must be the
    356           *          endpoint that send this message.
    357           * @param   len - data length
    358           *
    359           * @return  none
    360           ***************************************************************************************************/

   \                                 In  segment BANKED_CODE, align 1, keep-with-next
    361          void MTProcessAppRspMsg( byte *pData, byte len )
   \                     MTProcessAppRspMsg:
    362          {
   \   000000   74F7         MOV     A,#-0x9
   \   000002   12....       LCALL   ?BANKED_ENTER_XDATA
   \   000005                ; Saved register size: 9
   \   000005                ; Auto size: 0
   \   000005   EA           MOV     A,R2
   \   000006   FC           MOV     R4,A
   \   000007   EB           MOV     A,R3
   \   000008   FD           MOV     R5,A
   \   000009   E9           MOV     A,R1
    363            /* Send out Reset Response message */
    364            MT_BuildAndSendZToolResponse( ((uint8)MT_RPC_CMD_SRSP | (uint8)MT_RPC_SYS_APP), MT_APP_RSP, len, pData );
   \   00000A                ; Setup parameters for call to function MT_BuildAndSendZToolResponse
   \   00000A   FB           MOV     R3,A
   \   00000B   7A80         MOV     R2,#-0x80
   \   00000D   7969         MOV     R1,#0x69
   \   00000F   12....       LCALL   ??MT_BuildAndSendZToolResponse?relay
    365          }
   \   000012   02....       LJMP    ?Subroutine0 & 0xFFFF
    366          
    367          
    368          /***************************************************************************************************
    369           * @fn      MT_ReverseBytes
    370           *
    371           * @brief
    372           *
    373           *   Reverses bytes within an array
    374           *
    375           * @param   data - ptr to data buffer to reverse
    376           * @param    len - number of bytes in buffer
    377           *
    378           * @return  void
    379           ***************************************************************************************************/

   \                                 In  segment BANKED_CODE, align 1, keep-with-next
    380          void MT_ReverseBytes( byte *pData, byte len )
   \                     MT_ReverseBytes:
    381          {
   \   000000   74F4         MOV     A,#-0xc
   \   000002   12....       LCALL   ?BANKED_ENTER_XDATA
   \   000005                ; Saved register size: 12
   \   000005                ; Auto size: 0
   \   000005   E9           MOV     A,R1
   \   000006   FE           MOV     R6,A
    382            byte i,j;
    383            byte temp;
    384          
    385            for ( i = 0, j = len-1; len > 1; len-=2 )
   \   000007   75..00       MOV     ?V0 + 2,#0x0
   \   00000A   74FF         MOV     A,#-0x1
   \   00000C   2E           ADD     A,R6
   \   00000D   FF           MOV     R7,A
   \   00000E   802D         SJMP    ??MT_ReverseBytes_0
    386            {
    387              temp = pData[i];
   \                     ??MT_ReverseBytes_1:
   \   000010   85....       MOV     ?V0 + 0,?V0 + 2
   \   000013   EA           MOV     A,R2
   \   000014   25..         ADD     A,?V0 + 0
   \   000016   F8           MOV     R0,A
   \   000017   EB           MOV     A,R3
   \   000018   12....       LCALL   ?Subroutine8 & 0xFFFF
   \                     ??CrossCallReturnLabel_12:
   \   00001B   F5..         MOV     ?V0 + 3,A
    388              pData[i++] = pData[j];
   \   00001D   8F..         MOV     ?V0 + 0,R7
   \   00001F   EA           MOV     A,R2
   \   000020   25..         ADD     A,?V0 + 0
   \   000022   FC           MOV     R4,A
   \   000023   EB           MOV     A,R3
   \   000024   3400         ADDC    A,#0x0
   \   000026   FD           MOV     R5,A
   \   000027   8C82         MOV     DPL,R4
   \   000029   8D83         MOV     DPH,R5
   \   00002B   E0           MOVX    A,@DPTR
   \   00002C   8882         MOV     DPL,R0
   \   00002E   8983         MOV     DPH,R1
   \   000030   F0           MOVX    @DPTR,A
   \   000031   05..         INC     ?V0 + 2
    389              pData[j--] = temp;
   \   000033   8C82         MOV     DPL,R4
   \   000035   8D83         MOV     DPH,R5
   \   000037   E5..         MOV     A,?V0 + 3
   \   000039   F0           MOVX    @DPTR,A
   \   00003A   1F           DEC     R7
    390            }
   \   00003B   1E           DEC     R6
   \   00003C   1E           DEC     R6
   \                     ??MT_ReverseBytes_0:
   \   00003D   EE           MOV     A,R6
   \   00003E   C3           CLR     C
   \   00003F   9402         SUBB    A,#0x2
   \   000041   50CD         JNC     ??MT_ReverseBytes_1
    391          }
   \   000043   7F04         MOV     R7,#0x4
   \   000045   02....       LJMP    ?BANKED_LEAVE_XDATA

   \                                 In  segment BANKED_CODE, align 1, keep-with-next
   \                     ?Subroutine8:
   \   000000   3400         ADDC    A,#0x0
   \   000002   F9           MOV     R1,A
   \   000003   8882         MOV     DPL,R0
   \   000005   8983         MOV     DPH,R1
   \   000007   E0           MOVX    A,@DPTR
   \   000008   22           RET
    392          
    393          
    394          /***************************************************************************************************
    395           * @fn      MT_Word2Buf
    396           *
    397           * @brief   Copy a uint16 array to a byte array, little endian.
    398           *
    399           * @param   pBuf - byte array
    400           * @param   pWord - uint16 array
    401           * @param   len - length of uint16 array
    402           *
    403           * @return  pointer to end of byte array
    404           ***************************************************************************************************/

   \                                 In  segment BANKED_CODE, align 1, keep-with-next
    405          uint8 *MT_Word2Buf( uint8 *pBuf, uint16 *pWord, uint8 len )
   \                     MT_Word2Buf:
    406          {
   \   000000   74F7         MOV     A,#-0x9
   \   000002   12....       LCALL   ?BANKED_ENTER_XDATA
   \   000005                ; Saved register size: 9
   \   000005                ; Auto size: 0
   \   000005   8026         SJMP    ??MT_Word2Buf_0
    407            while ( len-- > 0 )
    408            {
    409              *pBuf++ = LO_UINT16( *pWord );
   \                     ??MT_Word2Buf_1:
   \   000007   8C82         MOV     DPL,R4
   \   000009   8D83         MOV     DPH,R5
   \   00000B   E0           MOVX    A,@DPTR
   \   00000C   8A82         MOV     DPL,R2
   \   00000E   8B83         MOV     DPH,R3
   \   000010   F0           MOVX    @DPTR,A
   \   000011   A3           INC     DPTR
   \   000012   AA82         MOV     R2,DPL
   \   000014   AB83         MOV     R3,DPH
    410              *pBuf++ = HI_UINT16( *pWord );
   \   000016   8C82         MOV     DPL,R4
   \   000018   8D83         MOV     DPH,R5
   \   00001A   A3           INC     DPTR
   \   00001B   E0           MOVX    A,@DPTR
   \   00001C   8A82         MOV     DPL,R2
   \   00001E   8B83         MOV     DPH,R3
   \   000020   F0           MOVX    @DPTR,A
   \   000021   A3           INC     DPTR
   \   000022   0A           INC     R2
   \   000023   AB83         MOV     R3,DPH
    411              pWord++;
   \   000025   EC           MOV     A,R4
   \   000026   2402         ADD     A,#0x2
   \   000028   FC           MOV     R4,A
   \   000029   ED           MOV     A,R5
   \   00002A   3400         ADDC    A,#0x0
   \   00002C   FD           MOV     R5,A
    412            }
   \                     ??MT_Word2Buf_0:
   \   00002D   E9           MOV     A,R1
   \   00002E   F8           MOV     R0,A
   \   00002F   74FF         MOV     A,#-0x1
   \   000031   28           ADD     A,R0
   \   000032   19           DEC     R1
   \   000033   04           INC     A
   \   000034   70D1         JNZ     ??MT_Word2Buf_1
    413          
    414            return pBuf;
   \   000036   02....       LJMP    ?Subroutine0 & 0xFFFF
    415          }
    416          #if !defined(NONWK)
    417          /***************************************************************************************************
    418           * @fn      MT_BuildEndpointDesc
    419           *
    420           * @brief   Build endpoint descriptor and simple descriptor structure from incoming buffer
    421           *
    422           * @param   pBuf - byte array
    423           *
    424           * @return  epDesc - pointer to the endpoint descriptor
    425           ***************************************************************************************************/

   \                                 In  segment BANKED_CODE, align 1, keep-with-next
    426          uint8 MT_BuildEndpointDesc( uint8 *pBuf, void *param )
   \                     MT_BuildEndpointDesc:
    427          {
   \   000000   74F2         MOV     A,#-0xe
   \   000002   12....       LCALL   ?BANKED_ENTER_XDATA
   \   000005                ; Saved register size: 14
   \   000005                ; Auto size: 0
   \   000005   EA           MOV     A,R2
   \   000006   FE           MOV     R6,A
   \   000007   EB           MOV     A,R3
   \   000008   FF           MOV     R7,A
   \   000009   8C..         MOV     ?V0 + 0,R4
   \   00000B   8D..         MOV     ?V0 + 1,R5
    428            uint8 i;
    429            uint8 ret = ZSuccess;
   \   00000D   75..00       MOV     ?V0 + 2,#0x0
    430            endPointDesc_t *epDesc;
    431          
    432            epDesc = (endPointDesc_t *)param;
    433            /* check if this endpoint is already registered */
    434            if ( afFindEndPointDesc( *pBuf ) != NULL )
   \   000010                ; Setup parameters for call to function afFindEndPointDesc
   \   000010   8E82         MOV     DPL,R6
   \   000012   8F83         MOV     DPH,R7
   \   000014   E0           MOVX    A,@DPTR
   \   000015   F9           MOV     R1,A
   \   000016   12....       LCALL   ??afFindEndPointDesc?relay
   \   000019   8B..         MOV     ?V0 + 5,R3
   \   00001B   EA           MOV     A,R2
   \   00001C   45..         ORL     A,?V0 + 5
   \   00001E   6006         JZ      ??MT_BuildEndpointDesc_0
    435            {
    436              ret = ZApsDuplicateEntry;
   \   000020   75..B8       MOV     ?V0 + 2,#-0x48
   \   000023   02....       LJMP    ??MT_BuildEndpointDesc_1 & 0xFFFF
    437            }
    438            else if ( epDesc )
   \                     ??MT_BuildEndpointDesc_0:
   \   000026   E5..         MOV     A,?V0 + 0
   \   000028   45..         ORL     A,?V0 + 1
   \   00002A   7003         JNZ     $+5
   \   00002C   02....       LJMP    ??MT_BuildEndpointDesc_1 & 0xFFFF
    439            {
    440              epDesc->endPoint = *pBuf;
   \   00002F   8E82         MOV     DPL,R6
   \   000031   8F83         MOV     DPH,R7
   \   000033   E0           MOVX    A,@DPTR
   \   000034   85..82       MOV     DPL,?V0 + 0
   \   000037   85..83       MOV     DPH,?V0 + 1
   \   00003A   F0           MOVX    @DPTR,A
    441          
    442              /* Ignore the latency reqs */
    443              epDesc->latencyReq = noLatencyReqs;
   \   00003B   A3           INC     DPTR
   \   00003C   A3           INC     DPTR
   \   00003D   A3           INC     DPTR
   \   00003E   A3           INC     DPTR
   \   00003F   A3           INC     DPTR
   \   000040   E4           CLR     A
   \   000041   F0           MOVX    @DPTR,A
    444          
    445              /* allocate memory for the simple descriptor */
    446              epDesc->simpleDesc = (SimpleDescriptionFormat_t *) osal_mem_alloc(sizeof(SimpleDescriptionFormat_t));
   \   000042   E5..         MOV     A,?V0 + 0
   \   000044   2403         ADD     A,#0x3
   \   000046   F5..         MOV     ?V0 + 0,A
   \   000048   E5..         MOV     A,?V0 + 1
   \   00004A   3400         ADDC    A,#0x0
   \   00004C   F5..         MOV     ?V0 + 1,A
   \   00004E                ; Setup parameters for call to function osal_mem_alloc
   \   00004E   7A0C         MOV     R2,#0xc
   \   000050   7B00         MOV     R3,#0x0
   \   000052   12....       LCALL   ??osal_mem_alloc?relay
   \   000055   85..82       MOV     DPL,?V0 + 0
   \   000058   85..83       MOV     DPH,?V0 + 1
   \   00005B   12....       LCALL   ?Subroutine14 & 0xFFFF
    447              if (epDesc->simpleDesc)
   \                     ??CrossCallReturnLabel_29:
   \   00005E   F9           MOV     R1,A
   \   00005F   E8           MOV     A,R0
   \   000060   49           ORL     A,R1
   \   000061   7003         JNZ     $+5
   \   000063   02....       LJMP    ??MT_BuildEndpointDesc_2 & 0xFFFF
    448              {
    449                /* Endpoint */
    450                epDesc->simpleDesc->EndPoint = *pBuf++;
   \   000066   8E82         MOV     DPL,R6
   \   000068   8F83         MOV     DPH,R7
   \   00006A   E0           MOVX    A,@DPTR
   \   00006B   8882         MOV     DPL,R0
   \   00006D   8983         MOV     DPH,R1
   \   00006F   12....       LCALL   ?Subroutine5 & 0xFFFF
    451          
    452                /* AppProfId */
    453                epDesc->simpleDesc->AppProfId = BUILD_UINT16(pBuf[0], pBuf[1]);
   \                     ??CrossCallReturnLabel_8:
   \   000072   E0           MOVX    A,@DPTR
   \   000073   12....       LCALL   ?Subroutine11 & 0xFFFF
   \                     ??CrossCallReturnLabel_18:
   \   000076   12....       LCALL   ?Subroutine2 & 0xFFFF
    454                pBuf += sizeof(uint16);
    455          
    456                /* AppDeviceId */
    457                epDesc->simpleDesc->AppDeviceId = BUILD_UINT16(pBuf[0],pBuf[1]);
   \                     ??CrossCallReturnLabel_2:
   \   000079   12....       LCALL   ?Subroutine11 & 0xFFFF
   \                     ??CrossCallReturnLabel_19:
   \   00007C   A3           INC     DPTR
   \   00007D   A3           INC     DPTR
   \   00007E   12....       LCALL   ?Subroutine2 & 0xFFFF
    458                pBuf += sizeof(uint16);
    459          
    460                /* AppDevVer */
    461                epDesc->simpleDesc->AppDevVer = (*pBuf++) & AF_APP_DEV_VER_MASK ;
   \                     ??CrossCallReturnLabel_3:
   \   000081   540F         ANL     A,#0xf
   \   000083   FA           MOV     R2,A
   \   000084   A3           INC     DPTR
   \   000085   0E           INC     R6
   \   000086   AF83         MOV     R7,DPH
   \   000088   85..82       MOV     DPL,?V0 + 0
   \   00008B   85..83       MOV     DPH,?V0 + 1
   \   00008E   E0           MOVX    A,@DPTR
   \   00008F   2405         ADD     A,#0x5
   \   000091   F8           MOV     R0,A
   \   000092   A3           INC     DPTR
   \   000093   E0           MOVX    A,@DPTR
   \   000094   12....       LCALL   ?Subroutine8 & 0xFFFF
   \                     ??CrossCallReturnLabel_13:
   \   000097   54F0         ANL     A,#0xf0
   \   000099   4A           ORL     A,R2
   \   00009A   12....       LCALL   ?Subroutine6 & 0xFFFF
    462          
    463                /* LatencyReq */
    464                pBuf++;
    465          
    466                /* AppNumInClusters */
    467                epDesc->simpleDesc->AppNumInClusters = *pBuf++;
   \                     ??CrossCallReturnLabel_10:
   \   00009D   E0           MOVX    A,@DPTR
   \   00009E   C0E0         PUSH    A
   \   0000A0   12....       LCALL   ?Subroutine12 & 0xFFFF
   \                     ??CrossCallReturnLabel_20:
   \   0000A3   2406         ADD     A,#0x6
   \   0000A5   F582         MOV     DPL,A
   \   0000A7   E8           MOV     A,R0
   \   0000A8   3400         ADDC    A,#0x0
   \   0000AA   F583         MOV     DPH,A
   \   0000AC   D0E0         POP     A
   \   0000AE   12....       LCALL   ?Subroutine6 & 0xFFFF
   \                     ??CrossCallReturnLabel_11:
   \   0000B1   12....       LCALL   ?Subroutine12 & 0xFFFF
   \                     ??CrossCallReturnLabel_21:
   \   0000B4   2406         ADD     A,#0x6
   \   0000B6   12....       LCALL   ?Subroutine7 & 0xFFFF
   \                     ??CrossCallReturnLabel_34:
   \   0000B9   602F         JZ      ??MT_BuildEndpointDesc_3
    468                if (epDesc->simpleDesc->AppNumInClusters)
    469                {
    470                  epDesc->simpleDesc->pAppInClusterList = (uint16 *)
    471                            osal_mem_alloc((epDesc->simpleDesc->AppNumInClusters)*sizeof(uint16));
   \   0000BB                ; Setup parameters for call to function osal_mem_alloc
   \   0000BB   C3           CLR     C
   \   0000BC   33           RLC     A
   \   0000BD   FA           MOV     R2,A
   \   0000BE   E4           CLR     A
   \   0000BF   33           RLC     A
   \   0000C0   FB           MOV     R3,A
   \   0000C1   12....       LCALL   ??osal_mem_alloc?relay
   \   0000C4   12....       LCALL   ?Subroutine12 & 0xFFFF
   \                     ??CrossCallReturnLabel_22:
   \   0000C7   2407         ADD     A,#0x7
   \   0000C9   12....       LCALL   ?Subroutine1 & 0xFFFF
    472                  if ( epDesc->simpleDesc->pAppInClusterList )
   \                     ??CrossCallReturnLabel_0:
   \   0000CC   2407         ADD     A,#0x7
   \   0000CE   12....       LCALL   ?Subroutine4 & 0xFFFF
   \                     ??CrossCallReturnLabel_6:
   \   0000D1   6014         JZ      ??MT_BuildEndpointDesc_4
    473                  {
    474                    for (i=0; i<(epDesc->simpleDesc->AppNumInClusters); i++)
   \   0000D3   7C00         MOV     R4,#0x0
   \                     ??MT_BuildEndpointDesc_5:
   \   0000D5   12....       LCALL   ?Subroutine13 & 0xFFFF
   \                     ??CrossCallReturnLabel_27:
   \   0000D8   E0           MOVX    A,@DPTR
   \   0000D9   FA           MOV     R2,A
   \   0000DA   EC           MOV     A,R4
   \   0000DB   C3           CLR     C
   \   0000DC   9A           SUBB    A,R2
   \   0000DD   500B         JNC     ??MT_BuildEndpointDesc_3
    475                    {
    476                      epDesc->simpleDesc->pAppInClusterList[i] = BUILD_UINT16(*pBuf, *(pBuf+1));
   \   0000DF   12....       LCALL   ?Subroutine9 & 0xFFFF
    477                      pBuf += 2;
    478                    }
    479                  }
   \                     ??CrossCallReturnLabel_14:
   \   0000E2   12....       LCALL   ?Subroutine3 & 0xFFFF
   \                     ??CrossCallReturnLabel_4:
   \   0000E5   80EE         SJMP    ??MT_BuildEndpointDesc_5
    480                  else
    481                  {
    482                    ret = ZMemError;
   \                     ??MT_BuildEndpointDesc_4:
   \   0000E7   75..10       MOV     ?V0 + 2,#0x10
    483                  }
    484                }
    485          
    486                /* AppNumOutClusters */
    487                epDesc->simpleDesc->AppNumOutClusters = *pBuf++;
   \                     ??MT_BuildEndpointDesc_3:
   \   0000EA   8E82         MOV     DPL,R6
   \   0000EC   8F83         MOV     DPH,R7
   \   0000EE   E0           MOVX    A,@DPTR
   \   0000EF   C0E0         PUSH    A
   \   0000F1   12....       LCALL   ?Subroutine12 & 0xFFFF
   \                     ??CrossCallReturnLabel_23:
   \   0000F4   2409         ADD     A,#0x9
   \   0000F6   F582         MOV     DPL,A
   \   0000F8   E8           MOV     A,R0
   \   0000F9   3400         ADDC    A,#0x0
   \   0000FB   F583         MOV     DPH,A
   \   0000FD   D0E0         POP     A
   \   0000FF   12....       LCALL   ?Subroutine5 & 0xFFFF
   \                     ??CrossCallReturnLabel_9:
   \   000102   12....       LCALL   ?Subroutine12 & 0xFFFF
   \                     ??CrossCallReturnLabel_24:
   \   000105   2409         ADD     A,#0x9
   \   000107   12....       LCALL   ?Subroutine7 & 0xFFFF
   \                     ??CrossCallReturnLabel_35:
   \   00010A   6033         JZ      ??MT_BuildEndpointDesc_6
    488                if (epDesc->simpleDesc->AppNumOutClusters)
    489                {
    490                  epDesc->simpleDesc->pAppOutClusterList = (uint16 *)
    491                                    osal_mem_alloc((epDesc->simpleDesc->AppNumOutClusters)*sizeof(uint16));
   \   00010C                ; Setup parameters for call to function osal_mem_alloc
   \   00010C   C3           CLR     C
   \   00010D   33           RLC     A
   \   00010E   FA           MOV     R2,A
   \   00010F   E4           CLR     A
   \   000110   33           RLC     A
   \   000111   FB           MOV     R3,A
   \   000112   12....       LCALL   ??osal_mem_alloc?relay
   \   000115   12....       LCALL   ?Subroutine12 & 0xFFFF
   \                     ??CrossCallReturnLabel_25:
   \   000118   240A         ADD     A,#0xa
   \   00011A   12....       LCALL   ?Subroutine1 & 0xFFFF
    492                  if (epDesc->simpleDesc->pAppOutClusterList)
   \                     ??CrossCallReturnLabel_1:
   \   00011D   240A         ADD     A,#0xa
   \   00011F   12....       LCALL   ?Subroutine4 & 0xFFFF
   \                     ??CrossCallReturnLabel_7:
   \   000122   6016         JZ      ??MT_BuildEndpointDesc_7
    493                  {
    494                    for (i=0; i<(epDesc->simpleDesc->AppNumOutClusters); i++)
   \   000124   7C00         MOV     R4,#0x0
   \                     ??MT_BuildEndpointDesc_8:
   \   000126   12....       LCALL   ?Subroutine10 & 0xFFFF
   \                     ??CrossCallReturnLabel_16:
   \   000129   FA           MOV     R2,A
   \   00012A   EC           MOV     A,R4
   \   00012B   C3           CLR     C
   \   00012C   9A           SUBB    A,R2
   \   00012D   5010         JNC     ??MT_BuildEndpointDesc_6
    495                    {
    496                      epDesc->simpleDesc->pAppOutClusterList[i] = BUILD_UINT16(*pBuf, *(pBuf+1));
   \   00012F   12....       LCALL   ?Subroutine9 & 0xFFFF
    497                      pBuf += 2;
    498                    }
    499                  }
   \                     ??CrossCallReturnLabel_15:
   \   000132   A3           INC     DPTR
   \   000133   A3           INC     DPTR
   \   000134   A3           INC     DPTR
   \   000135   12....       LCALL   ?Subroutine3 & 0xFFFF
   \                     ??CrossCallReturnLabel_5:
   \   000138   80EC         SJMP    ??MT_BuildEndpointDesc_8
    500                  else
    501                  {
    502                    ret = ZMemError;
   \                     ??MT_BuildEndpointDesc_7:
   \   00013A   75..10       MOV     ?V0 + 2,#0x10
   \   00013D   8006         SJMP    ??MT_BuildEndpointDesc_9
    503                  }
    504                }
    505          
    506                /* if any list cannot be allocated...free all */
    507                if ( ret == ZMemError )
   \                     ??MT_BuildEndpointDesc_6:
   \   00013F   7410         MOV     A,#0x10
   \   000141   65..         XRL     A,?V0 + 2
   \   000143   7041         JNZ     ??MT_BuildEndpointDesc_1
   \                     ??MT_BuildEndpointDesc_9:
   \   000145   12....       LCALL   ?Subroutine12 & 0xFFFF
   \                     ??CrossCallReturnLabel_26:
   \   000148   2407         ADD     A,#0x7
   \   00014A   12....       LCALL   ?Subroutine7 & 0xFFFF
   \                     ??CrossCallReturnLabel_36:
   \   00014D   FA           MOV     R2,A
   \   00014E   A3           INC     DPTR
   \   00014F   E0           MOVX    A,@DPTR
   \   000150   FB           MOV     R3,A
   \   000151   EA           MOV     A,R2
   \   000152   4B           ORL     A,R3
   \   000153   6003         JZ      ??MT_BuildEndpointDesc_10
    508                {
    509                  if (epDesc->simpleDesc->pAppInClusterList)
    510                  {
    511                    osal_mem_free(epDesc->simpleDesc->pAppInClusterList);
   \   000155                ; Setup parameters for call to function osal_mem_free
   \   000155   12....       LCALL   ??osal_mem_free?relay
    512                  }
    513          
    514                  if (epDesc->simpleDesc->AppNumOutClusters)
   \                     ??MT_BuildEndpointDesc_10:
   \   000158   12....       LCALL   ?Subroutine10 & 0xFFFF
   \                     ??CrossCallReturnLabel_17:
   \   00015B   6016         JZ      ??MT_BuildEndpointDesc_11
    515                  {
    516                    osal_mem_free(epDesc->simpleDesc->pAppOutClusterList);
   \   00015D                ; Setup parameters for call to function osal_mem_free
   \   00015D   8882         MOV     DPL,R0
   \   00015F   8983         MOV     DPH,R1
   \   000161   A3           INC     DPTR
   \   000162   A3           INC     DPTR
   \   000163   A3           INC     DPTR
   \   000164   A3           INC     DPTR
   \   000165   A3           INC     DPTR
   \   000166   A3           INC     DPTR
   \   000167   A3           INC     DPTR
   \   000168   A3           INC     DPTR
   \   000169   A3           INC     DPTR
   \   00016A   A3           INC     DPTR
   \   00016B   E0           MOVX    A,@DPTR
   \   00016C   FA           MOV     R2,A
   \   00016D   A3           INC     DPTR
   \   00016E   E0           MOVX    A,@DPTR
   \   00016F   FB           MOV     R3,A
   \   000170   12....       LCALL   ??osal_mem_free?relay
    517                  }
    518          
    519                  osal_mem_free(epDesc->simpleDesc);
   \                     ??MT_BuildEndpointDesc_11:
   \   000173                ; Setup parameters for call to function osal_mem_free
   \   000173   85..82       MOV     DPL,?V0 + 0
   \   000176   85..83       MOV     DPH,?V0 + 1
   \   000179   E0           MOVX    A,@DPTR
   \   00017A   FA           MOV     R2,A
   \   00017B   A3           INC     DPTR
   \   00017C   E0           MOVX    A,@DPTR
   \   00017D   FB           MOV     R3,A
   \   00017E   12....       LCALL   ??osal_mem_free?relay
   \   000181   8003         SJMP    ??MT_BuildEndpointDesc_1
    520                }
    521              }
    522              else
    523              {
    524                ret = ZMemError;
   \                     ??MT_BuildEndpointDesc_2:
   \   000183   75..10       MOV     ?V0 + 2,#0x10
    525              }
    526            }
    527          
    528            return ret;
   \                     ??MT_BuildEndpointDesc_1:
   \   000186   A9..         MOV     R1,?V0 + 2
   \   000188   7F06         MOV     R7,#0x6
   \   00018A   02....       LJMP    ?BANKED_LEAVE_XDATA
    529          }

   \                                 In  segment BANKED_CODE, align 1, keep-with-next
   \                     ?Subroutine12:
   \   000000   85..82       MOV     DPL,?V0 + 0
   \   000003   85..83       MOV     DPH,?V0 + 1
   \   000006   E0           MOVX    A,@DPTR
   \   000007   F8           MOV     R0,A
   \   000008   A3           INC     DPTR
   \   000009   E0           MOVX    A,@DPTR
   \   00000A   C8           XCH     A,R0
   \   00000B   22           RET

   \                                 In  segment BANKED_CODE, align 1, keep-with-next
   \                     ?Subroutine11:
   \   000000   FA           MOV     R2,A
   \   000001   A3           INC     DPTR
   \   000002   E0           MOVX    A,@DPTR
   \   000003   F9           MOV     R1,A
   \   000004   EA           MOV     A,R2
   \   000005   F8           MOV     R0,A
   \   000006   85..82       MOV     DPL,?V0 + 0
   \   000009   85..83       MOV     DPH,?V0 + 1
   \   00000C   E0           MOVX    A,@DPTR
   \   00000D   FA           MOV     R2,A
   \   00000E   A3           INC     DPTR
   \   00000F   E0           MOVX    A,@DPTR
   \   000010   F583         MOV     DPH,A
   \   000012   8A82         MOV     DPL,R2
   \   000014   22           RET

   \                                 In  segment BANKED_CODE, align 1, keep-with-next
   \                     ?Subroutine10:
   \   000000   12....       LCALL   ?Subroutine13 & 0xFFFF
   \                     ??CrossCallReturnLabel_28:
   \   000003   A3           INC     DPTR
   \   000004   A3           INC     DPTR
   \   000005   A3           INC     DPTR
   \   000006   E0           MOVX    A,@DPTR
   \   000007   22           RET

   \                                 In  segment BANKED_CODE, align 1, keep-with-next
   \                     ?Subroutine13:
   \   000000   85..82       MOV     DPL,?V0 + 0
   \   000003   85..83       MOV     DPH,?V0 + 1
   \   000006   E0           MOVX    A,@DPTR
   \   000007   F8           MOV     R0,A
   \   000008   A3           INC     DPTR
   \   000009   E0           MOVX    A,@DPTR
   \   00000A   F9           MOV     R1,A
   \   00000B   8882         MOV     DPL,R0
   \   00000D   8983         MOV     DPH,R1
   \   00000F   A3           INC     DPTR
   \   000010   A3           INC     DPTR
   \   000011   A3           INC     DPTR
   \   000012   A3           INC     DPTR
   \   000013   A3           INC     DPTR
   \   000014   A3           INC     DPTR
   \   000015   22           RET

   \                                 In  segment BANKED_CODE, align 1, keep-with-next
   \                     ?Subroutine9:
   \   000000   8E82         MOV     DPL,R6
   \   000002   8F83         MOV     DPH,R7
   \   000004   E0           MOVX    A,@DPTR
   \   000005   F5..         MOV     ?V0 + 4,A
   \   000007   A3           INC     DPTR
   \   000008   E0           MOVX    A,@DPTR
   \   000009   FB           MOV     R3,A
   \   00000A   E5..         MOV     A,?V0 + 4
   \   00000C   2400         ADD     A,#0x0
   \   00000E   E4           CLR     A
   \   00000F   3B           ADDC    A,R3
   \   000010   F5..         MOV     ?V0 + 5,A
   \   000012   EC           MOV     A,R4
   \   000013   33           RLC     A
   \   000014   FA           MOV     R2,A
   \   000015   E4           CLR     A
   \   000016   33           RLC     A
   \   000017   FB           MOV     R3,A
   \   000018   8882         MOV     DPL,R0
   \   00001A   8983         MOV     DPH,R1
   \   00001C   22           RET

   \                                 In  segment BANKED_CODE, align 1, keep-with-next
   \                     ?Subroutine7:
   \   000000   F582         MOV     DPL,A
   \   000002   E8           MOV     A,R0
   \   000003                REQUIRE ??Subroutine16_0
   \   000003                ; // Fall through to label ??Subroutine16_0

   \                                 In  segment BANKED_CODE, align 1, keep-with-next
   \                     ?Subroutine6:
   \   000000   F0           MOVX    @DPTR,A
   \   000001   8E82         MOV     DPL,R6
   \   000003   8F83         MOV     DPH,R7
   \   000005   A3           INC     DPTR
   \   000006   0E           INC     R6
   \   000007   AF83         MOV     R7,DPH
   \   000009   22           RET

   \                                 In  segment BANKED_CODE, align 1, keep-with-next
   \                     ?Subroutine5:
   \   000000   F0           MOVX    @DPTR,A
   \   000001   8E82         MOV     DPL,R6
   \   000003   8F83         MOV     DPH,R7
   \   000005   A3           INC     DPTR
   \   000006   AE82         MOV     R6,DPL
   \   000008   AF83         MOV     R7,DPH
   \   00000A   22           RET

   \                                 In  segment BANKED_CODE, align 1, keep-with-next
   \                     ?Subroutine4:
   \   000000   F582         MOV     DPL,A
   \   000002   E8           MOV     A,R0
   \   000003   3400         ADDC    A,#0x0
   \   000005   F583         MOV     DPH,A
   \   000007   E0           MOVX    A,@DPTR
   \   000008   F8           MOV     R0,A
   \   000009   A3           INC     DPTR
   \   00000A   E0           MOVX    A,@DPTR
   \   00000B   F9           MOV     R1,A
   \   00000C   E8           MOV     A,R0
   \   00000D   49           ORL     A,R1
   \   00000E   22           RET

   \                                 In  segment BANKED_CODE, align 1, keep-with-next
   \                     ?Subroutine3:
   \   000000   A3           INC     DPTR
   \   000001   A3           INC     DPTR
   \   000002   A3           INC     DPTR
   \   000003   A3           INC     DPTR
   \   000004   A3           INC     DPTR
   \   000005   A3           INC     DPTR
   \   000006   A3           INC     DPTR
   \   000007   E0           MOVX    A,@DPTR
   \   000008   2A           ADD     A,R2
   \   000009   F8           MOV     R0,A
   \   00000A   A3           INC     DPTR
   \   00000B   E0           MOVX    A,@DPTR
   \   00000C   3B           ADDC    A,R3
   \   00000D   8882         MOV     DPL,R0
   \   00000F   F583         MOV     DPH,A
   \   000011   E5..         MOV     A,?V0 + 4
   \   000013   F0           MOVX    @DPTR,A
   \   000014   A3           INC     DPTR
   \   000015   E5..         MOV     A,?V0 + 5
   \   000017   12....       LCALL   ?Subroutine15 & 0xFFFF
   \                     ??CrossCallReturnLabel_31:
   \   00001A   0C           INC     R4
   \   00001B   22           RET

   \                                 In  segment BANKED_CODE, align 1, keep-with-next
   \                     ?Subroutine2:
   \   000000   A3           INC     DPTR
   \   000001   E8           MOV     A,R0
   \   000002   F0           MOVX    @DPTR,A
   \   000003   A3           INC     DPTR
   \   000004   E9           MOV     A,R1
   \   000005   12....       LCALL   ?Subroutine15 & 0xFFFF
   \                     ??CrossCallReturnLabel_32:
   \   000008   8E82         MOV     DPL,R6
   \   00000A   8F83         MOV     DPH,R7
   \   00000C   E0           MOVX    A,@DPTR
   \   00000D   22           RET

   \                                 In  segment BANKED_CODE, align 1, keep-with-next
   \                     ?Subroutine15:
   \   000000   F0           MOVX    @DPTR,A
   \   000001   EE           MOV     A,R6
   \   000002   2402         ADD     A,#0x2
   \   000004   FE           MOV     R6,A
   \   000005   EF           MOV     A,R7
   \   000006   3400         ADDC    A,#0x0
   \   000008   FF           MOV     R7,A
   \   000009   22           RET

   \                                 In  segment BANKED_CODE, align 1, keep-with-next
   \                     ?Subroutine1:
   \   000000   F582         MOV     DPL,A
   \   000002   E8           MOV     A,R0
   \   000003   3400         ADDC    A,#0x0
   \   000005   F583         MOV     DPH,A
   \   000007   12....       LCALL   ?Subroutine14 & 0xFFFF
   \                     ??CrossCallReturnLabel_30:
   \   00000A   C8           XCH     A,R0
   \   00000B   22           RET

   \                                 In  segment BANKED_CODE, align 1, keep-with-next
   \                     ?Subroutine14:
   \   000000   EA           MOV     A,R2
   \   000001   F0           MOVX    @DPTR,A
   \   000002   A3           INC     DPTR
   \   000003   EB           MOV     A,R3
   \   000004   F0           MOVX    @DPTR,A
   \   000005   85..82       MOV     DPL,?V0 + 0
   \   000008   85..83       MOV     DPH,?V0 + 1
   \   00000B   E0           MOVX    A,@DPTR
   \   00000C   F8           MOV     R0,A
   \   00000D   A3           INC     DPTR
   \   00000E   E0           MOVX    A,@DPTR
   \   00000F   22           RET

   \                                 In  segment BANK_RELAYS, align 1
   \                     ??MT_Init?relay:
   \   000000   12....       LCALL   ?BDISPATCH
   \   000003   ......       DC24    MT_Init

   \                                 In  segment BANK_RELAYS, align 1
   \                     ??MT_BuildAndSendZToolResponse?relay:
   \   000000   12....       LCALL   ?BDISPATCH
   \   000003   ......       DC24    MT_BuildAndSendZToolResponse

   \                                 In  segment BANK_RELAYS, align 1
   \                     ??MT_ProcessIncoming?relay:
   \   000000   12....       LCALL   ?BDISPATCH
   \   000003   ......       DC24    MT_ProcessIncoming

   \                                 In  segment BANK_RELAYS, align 1
   \                     ??MTProcessAppRspMsg?relay:
   \   000000   12....       LCALL   ?BDISPATCH
   \   000003   ......       DC24    MTProcessAppRspMsg

   \                                 In  segment BANK_RELAYS, align 1
   \                     ??MT_ReverseBytes?relay:
   \   000000   12....       LCALL   ?BDISPATCH
   \   000003   ......       DC24    MT_ReverseBytes

   \                                 In  segment BANK_RELAYS, align 1
   \                     ??MT_Word2Buf?relay:
   \   000000   12....       LCALL   ?BDISPATCH
   \   000003   ......       DC24    MT_Word2Buf

   \                                 In  segment BANK_RELAYS, align 1
   \                     ??MT_BuildEndpointDesc?relay:
   \   000000   12....       LCALL   ?BDISPATCH
   \   000003   ......       DC24    MT_BuildEndpointDesc
    530          #endif
    531          /***************************************************************************************************
    532          ***************************************************************************************************/

   Maximum stack usage in bytes:

   ISTACK PSTACK XSTACK Function
   ------ ------ ------ --------
       0      0      9  MTProcessAppRspMsg
                          0 0  9 -> MT_BuildAndSendZToolResponse
       1      0     32  MT_BuildAndSendZToolResponse
                          0 0 16 -> MT_TransportAlloc
                          0 0 16 -> MT_TransportSend
                          0 0 19 -> osal_memcpy
       1      0     14  MT_BuildEndpointDesc
                          0 0 14 -> afFindEndPointDesc
                          0 0 14 -> osal_mem_alloc
                          0 0 14 -> osal_mem_free
       0      0      9  MT_Init
                          0 0  9 -> MT_SysResetInd
       1      0     13  MT_ProcessIncoming
                          0 0 13 -> MT_BuildAndSendZToolResponse
       1      0     12  MT_ReverseBytes
       1      0      9  MT_Word2Buf


   Segment part sizes:

   Bytes  Function/Label
   -----  --------------
       6  ??MTProcessAppRspMsg?relay
       6  ??MT_BuildAndSendZToolResponse?relay
       6  ??MT_BuildEndpointDesc?relay
       6  ??MT_Init?relay
       6  ??MT_ProcessIncoming?relay
       6  ??MT_ReverseBytes?relay
       6  ??MT_Word2Buf?relay
       6  ??Subroutine16_0
       5  ?Subroutine0
      12  ?Subroutine1
       8  ?Subroutine10
      21  ?Subroutine11
      12  ?Subroutine12
      22  ?Subroutine13
      16  ?Subroutine14
      10  ?Subroutine15
      14  ?Subroutine2
      28  ?Subroutine3
      15  ?Subroutine4
      11  ?Subroutine5
      10  ?Subroutine6
       3  ?Subroutine7
       9  ?Subroutine8
      29  ?Subroutine9
      21  MTProcessAppRspMsg
     101  MT_BuildAndSendZToolResponse
     397  MT_BuildEndpointDesc
      22  MT_Init
     168  MT_ProcessIncoming
      72  MT_ReverseBytes
      57  MT_Word2Buf
       1  debugCompId
       1  debugThreshold
      36  mtProcessIncoming

 
 1 069 bytes in segment BANKED_CODE
    42 bytes in segment BANK_RELAYS
    38 bytes in segment XDATA_Z
 
 1 111 bytes of CODE  memory
    38 bytes of XDATA memory

Errors: none
Warnings: none
